/home/connor-finnerty/Documents/projects/nv-sensing-sim/src/nvsim/estimators/adaptive.py:27: RuntimeWarning: divide by zero encountered in log
  logp = np.log(self.p) + counts * np.log(lam) - lam
adaptive 1/60
adaptive 2/60
adaptive 3/60
adaptive 4/60
adaptive 5/60
adaptive 6/60
adaptive 7/60
adaptive 8/60
adaptive 9/60
adaptive 10/60
adaptive 11/60
adaptive 12/60
adaptive 13/60
adaptive 14/60
adaptive 15/60
adaptive 16/60
adaptive 17/60
adaptive 18/60
adaptive 19/60
adaptive 20/60
adaptive 21/60
adaptive 22/60
adaptive 23/60
adaptive 24/60
adaptive 25/60
adaptive 26/60
adaptive 27/60
adaptive 28/60
adaptive 29/60
adaptive 30/60
adaptive 31/60
adaptive 32/60
adaptive 33/60
adaptive 34/60
adaptive 35/60
adaptive 36/60
adaptive 37/60
adaptive 38/60
adaptive 39/60
adaptive 40/60
adaptive 41/60
adaptive 42/60
adaptive 43/60
adaptive 44/60
adaptive 45/60
adaptive 46/60
adaptive 47/60
adaptive 48/60
adaptive 49/60
adaptive 50/60
adaptive 51/60
adaptive 52/60
adaptive 53/60
adaptive 54/60
adaptive 55/60
adaptive 56/60
adaptive 57/60
adaptive 58/60
adaptive 59/60
adaptive 60/60
wrote /home/connor-finnerty/Documents/projects/nv-sensing-sim/experiments/phase3/artifacts/adaptive.json
/home/connor-finnerty/Documents/projects/nv-sensing-sim/src/nvsim/estimators/adaptive.py:27: RuntimeWarning: divide by zero encountered in log
  logp = np.log(self.p) + counts * np.log(lam) - lam
fixed_tau 1/60
fixed_tau 2/60
fixed_tau 3/60
fixed_tau 4/60
fixed_tau 5/60
fixed_tau 6/60
fixed_tau 7/60
fixed_tau 8/60
fixed_tau 9/60
fixed_tau 10/60
fixed_tau 11/60
fixed_tau 12/60
fixed_tau 13/60
fixed_tau 14/60
fixed_tau 15/60
fixed_tau 16/60
fixed_tau 17/60
fixed_tau 18/60
fixed_tau 19/60
fixed_tau 20/60
fixed_tau 21/60
fixed_tau 22/60
fixed_tau 23/60
fixed_tau 24/60
fixed_tau 25/60
fixed_tau 26/60
fixed_tau 27/60
fixed_tau 28/60
fixed_tau 29/60
fixed_tau 30/60
fixed_tau 31/60
fixed_tau 32/60
fixed_tau 33/60
fixed_tau 34/60
fixed_tau 35/60
fixed_tau 36/60
fixed_tau 37/60
fixed_tau 38/60
fixed_tau 39/60
fixed_tau 40/60
fixed_tau 41/60
fixed_tau 42/60
fixed_tau 43/60
fixed_tau 44/60
fixed_tau 45/60
fixed_tau 46/60
fixed_tau 47/60
fixed_tau 48/60
fixed_tau 49/60
fixed_tau 50/60
fixed_tau 51/60
fixed_tau 52/60
fixed_tau 53/60
fixed_tau 54/60
fixed_tau 55/60
fixed_tau 56/60
fixed_tau 57/60
fixed_tau 58/60
fixed_tau 59/60
fixed_tau 60/60
wrote /home/connor-finnerty/Documents/projects/nv-sensing-sim/experiments/phase3/artifacts/fixed_tau.json
/home/connor-finnerty/Documents/projects/nv-sensing-sim/src/nvsim/estimators/adaptive.py:27: RuntimeWarning: divide by zero encountered in log
  logp = np.log(self.p) + counts * np.log(lam) - lam
linear_sweep 1/60
linear_sweep 2/60
linear_sweep 3/60
linear_sweep 4/60
linear_sweep 5/60
linear_sweep 6/60
linear_sweep 7/60
linear_sweep 8/60
linear_sweep 9/60
linear_sweep 10/60
linear_sweep 11/60
linear_sweep 12/60
linear_sweep 13/60
linear_sweep 14/60
linear_sweep 15/60
linear_sweep 16/60
linear_sweep 17/60
linear_sweep 18/60
linear_sweep 19/60
linear_sweep 20/60
linear_sweep 21/60
linear_sweep 22/60
linear_sweep 23/60
linear_sweep 24/60
linear_sweep 25/60
linear_sweep 26/60
linear_sweep 27/60
linear_sweep 28/60
linear_sweep 29/60
linear_sweep 30/60
linear_sweep 31/60
linear_sweep 32/60
linear_sweep 33/60
linear_sweep 34/60
linear_sweep 35/60
linear_sweep 36/60
linear_sweep 37/60
linear_sweep 38/60
linear_sweep 39/60
linear_sweep 40/60
linear_sweep 41/60
linear_sweep 42/60
linear_sweep 43/60
linear_sweep 44/60
linear_sweep 45/60
linear_sweep 46/60
linear_sweep 47/60
linear_sweep 48/60
linear_sweep 49/60
linear_sweep 50/60
linear_sweep 51/60
linear_sweep 52/60
linear_sweep 53/60
linear_sweep 54/60
linear_sweep 55/60
linear_sweep 56/60
linear_sweep 57/60
linear_sweep 58/60
linear_sweep 59/60
linear_sweep 60/60
wrote /home/connor-finnerty/Documents/projects/nv-sensing-sim/experiments/phase3/artifacts/linear_sweep.json
/home/connor-finnerty/Documents/projects/nv-sensing-sim/src/nvsim/estimators/adaptive.py:27: RuntimeWarning: divide by zero encountered in log
  logp = np.log(self.p) + counts * np.log(lam) - lam
exp_ladder 1/60
exp_ladder 2/60
exp_ladder 3/60
exp_ladder 4/60
exp_ladder 5/60
exp_ladder 6/60
exp_ladder 7/60
exp_ladder 8/60
exp_ladder 9/60
exp_ladder 10/60
exp_ladder 11/60
exp_ladder 12/60
exp_ladder 13/60
exp_ladder 14/60
exp_ladder 15/60
exp_ladder 16/60
exp_ladder 17/60
exp_ladder 18/60
exp_ladder 19/60
exp_ladder 20/60
exp_ladder 21/60
exp_ladder 22/60
exp_ladder 23/60
exp_ladder 24/60
exp_ladder 25/60
exp_ladder 26/60
exp_ladder 27/60
exp_ladder 28/60
exp_ladder 29/60
exp_ladder 30/60
exp_ladder 31/60
exp_ladder 32/60
exp_ladder 33/60
exp_ladder 34/60
exp_ladder 35/60
exp_ladder 36/60
exp_ladder 37/60
exp_ladder 38/60
exp_ladder 39/60
exp_ladder 40/60
exp_ladder 41/60
exp_ladder 42/60
exp_ladder 43/60
exp_ladder 44/60
exp_ladder 45/60
exp_ladder 46/60
exp_ladder 47/60
exp_ladder 48/60
exp_ladder 49/60
exp_ladder 50/60
exp_ladder 51/60
exp_ladder 52/60
exp_ladder 53/60
exp_ladder 54/60
exp_ladder 55/60
exp_ladder 56/60
exp_ladder 57/60
exp_ladder 58/60
exp_ladder 59/60
exp_ladder 60/60
wrote /home/connor-finnerty/Documents/projects/nv-sensing-sim/experiments/phase3/artifacts/exp_ladder.json
