teacher step 1, episodes finished 0/200
teacher step 2, episodes finished 0/200
teacher step 3, episodes finished 0/200
teacher step 4, episodes finished 0/200
teacher step 5, episodes finished 0/200
teacher step 6, episodes finished 0/200
teacher step 7, episodes finished 0/200
teacher step 8, episodes finished 0/200
teacher step 9, episodes finished 0/200
teacher step 10, episodes finished 0/200
teacher step 11, episodes finished 0/200
teacher step 12, episodes finished 0/200
teacher step 13, episodes finished 0/200
teacher step 14, episodes finished 0/200
teacher step 15, episodes finished 0/200
teacher step 16, episodes finished 0/200
teacher step 17, episodes finished 0/200
teacher step 18, episodes finished 0/200
teacher step 19, episodes finished 0/200
teacher step 20, episodes finished 0/200
teacher step 21, episodes finished 0/200
teacher step 22, episodes finished 0/200
teacher step 23, episodes finished 0/200
teacher step 24, episodes finished 0/200
teacher step 25, episodes finished 0/200
/home/connor-finnerty/Documents/projects/nv-sensing-sim/src/nvsim/estimators/policy.py:126: RuntimeWarning: divide by zero encountered in log
  logp = (np.log(self.p[idx]) + counts[idx, None]
teacher step 26, episodes finished 0/200
teacher step 27, episodes finished 0/200
teacher step 28, episodes finished 0/200
teacher step 29, episodes finished 0/200
teacher step 30, episodes finished 0/200
teacher step 31, episodes finished 0/200
teacher step 32, episodes finished 0/200
teacher step 33, episodes finished 0/200
teacher step 34, episodes finished 0/200
teacher step 35, episodes finished 0/200
teacher step 36, episodes finished 0/200
teacher step 37, episodes finished 0/200
teacher step 38, episodes finished 0/200
teacher step 39, episodes finished 0/200
teacher step 40, episodes finished 0/200
teacher step 41, episodes finished 0/200
teacher step 42, episodes finished 0/200
teacher step 43, episodes finished 0/200
teacher step 44, episodes finished 0/200
teacher step 45, episodes finished 0/200
teacher step 46, episodes finished 0/200
teacher step 47, episodes finished 0/200
teacher step 48, episodes finished 0/200
teacher step 49, episodes finished 0/200
teacher step 50, episodes finished 0/200
teacher step 51, episodes finished 0/200
teacher step 52, episodes finished 0/200
teacher step 53, episodes finished 0/200
teacher step 54, episodes finished 0/200
teacher step 55, episodes finished 0/200
teacher step 56, episodes finished 0/200
teacher step 57, episodes finished 0/200
teacher step 58, episodes finished 0/200
teacher step 59, episodes finished 0/200
teacher step 60, episodes finished 0/200
teacher step 61, episodes finished 0/200
teacher step 62, episodes finished 0/200
teacher step 63, episodes finished 0/200
teacher step 64, episodes finished 0/200
teacher step 65, episodes finished 0/200
teacher step 66, episodes finished 0/200
teacher step 67, episodes finished 0/200
teacher step 68, episodes finished 0/200
teacher step 69, episodes finished 0/200
teacher step 70, episodes finished 0/200
teacher step 71, episodes finished 0/200
teacher step 72, episodes finished 0/200
teacher step 73, episodes finished 0/200
teacher step 74, episodes finished 0/200
teacher step 75, episodes finished 0/200
teacher step 76, episodes finished 0/200
teacher step 77, episodes finished 0/200
teacher step 78, episodes finished 0/200
teacher step 79, episodes finished 0/200
teacher step 80, episodes finished 0/200
teacher step 81, episodes finished 0/200
teacher step 82, episodes finished 0/200
teacher step 83, episodes finished 0/200
teacher step 84, episodes finished 0/200
teacher step 85, episodes finished 0/200
teacher step 86, episodes finished 0/200
teacher step 87, episodes finished 0/200
teacher step 88, episodes finished 0/200
teacher step 89, episodes finished 0/200
teacher step 90, episodes finished 0/200
teacher step 91, episodes finished 0/200
teacher step 92, episodes finished 0/200
teacher step 93, episodes finished 0/200
teacher step 94, episodes finished 0/200
teacher step 95, episodes finished 0/200
teacher step 96, episodes finished 0/200
teacher step 97, episodes finished 0/200
teacher step 98, episodes finished 0/200
teacher step 99, episodes finished 0/200
teacher step 100, episodes finished 0/200
teacher step 101, episodes finished 0/200
teacher step 102, episodes finished 0/200
teacher step 103, episodes finished 0/200
teacher step 104, episodes finished 0/200
teacher step 105, episodes finished 0/200
teacher step 106, episodes finished 0/200
teacher step 107, episodes finished 0/200
teacher step 108, episodes finished 0/200
teacher step 109, episodes finished 0/200
teacher step 110, episodes finished 0/200
teacher step 111, episodes finished 0/200
teacher step 112, episodes finished 0/200
teacher step 113, episodes finished 0/200
teacher step 114, episodes finished 0/200
teacher step 115, episodes finished 0/200
teacher step 116, episodes finished 0/200
teacher step 117, episodes finished 0/200
teacher step 118, episodes finished 0/200
teacher step 119, episodes finished 0/200
teacher step 120, episodes finished 0/200
teacher step 121, episodes finished 0/200
teacher step 122, episodes finished 0/200
teacher step 123, episodes finished 0/200
teacher step 124, episodes finished 0/200
teacher step 125, episodes finished 0/200
teacher step 126, episodes finished 0/200
teacher step 127, episodes finished 0/200
teacher step 128, episodes finished 0/200
teacher step 129, episodes finished 0/200
teacher step 130, episodes finished 0/200
teacher step 131, episodes finished 0/200
teacher step 132, episodes finished 0/200
teacher step 133, episodes finished 0/200
teacher step 134, episodes finished 0/200
teacher step 135, episodes finished 0/200
teacher step 136, episodes finished 0/200
teacher step 137, episodes finished 0/200
teacher step 138, episodes finished 0/200
teacher step 139, episodes finished 0/200
teacher step 140, episodes finished 0/200
teacher step 141, episodes finished 0/200
teacher step 142, episodes finished 0/200
teacher step 143, episodes finished 0/200
teacher step 144, episodes finished 0/200
teacher step 145, episodes finished 0/200
teacher step 146, episodes finished 0/200
teacher step 147, episodes finished 0/200
teacher step 148, episodes finished 0/200
teacher step 149, episodes finished 0/200
teacher step 150, episodes finished 0/200
teacher step 151, episodes finished 0/200
teacher step 152, episodes finished 0/200
teacher step 153, episodes finished 0/200
teacher step 154, episodes finished 0/200
teacher step 155, episodes finished 0/200
teacher step 156, episodes finished 0/200
teacher step 157, episodes finished 0/200
teacher step 158, episodes finished 0/200
teacher step 159, episodes finished 0/200
teacher step 160, episodes finished 0/200
teacher step 161, episodes finished 0/200
teacher step 162, episodes finished 0/200
teacher step 163, episodes finished 0/200
teacher step 164, episodes finished 0/200
teacher step 165, episodes finished 0/200
teacher step 166, episodes finished 0/200
teacher step 167, episodes finished 0/200
teacher step 168, episodes finished 1/200
teacher step 169, episodes finished 1/200
teacher step 170, episodes finished 1/200
teacher step 171, episodes finished 1/200
teacher step 172, episodes finished 1/200
teacher step 173, episodes finished 2/200
teacher step 174, episodes finished 2/200
teacher step 175, episodes finished 2/200
teacher step 176, episodes finished 2/200
teacher step 177, episodes finished 3/200
teacher step 178, episodes finished 8/200
teacher step 179, episodes finished 10/200
teacher step 180, episodes finished 11/200
teacher step 181, episodes finished 11/200
teacher step 182, episodes finished 11/200
teacher step 183, episodes finished 13/200
teacher step 184, episodes finished 14/200
teacher step 185, episodes finished 14/200
teacher step 186, episodes finished 15/200
teacher step 187, episodes finished 15/200
teacher step 188, episodes finished 17/200
teacher step 189, episodes finished 24/200
teacher step 190, episodes finished 27/200
teacher step 191, episodes finished 30/200
teacher step 192, episodes finished 30/200
teacher step 193, episodes finished 34/200
teacher step 194, episodes finished 40/200
teacher step 195, episodes finished 43/200
teacher step 196, episodes finished 45/200
teacher step 197, episodes finished 48/200
teacher step 198, episodes finished 52/200
teacher step 199, episodes finished 68/200
teacher step 200, episodes finished 71/200
teacher step 201, episodes finished 73/200
teacher step 202, episodes finished 77/200
teacher step 203, episodes finished 81/200
teacher step 204, episodes finished 81/200
teacher step 205, episodes finished 85/200
teacher step 206, episodes finished 87/200
teacher step 207, episodes finished 89/200
teacher step 208, episodes finished 114/200
teacher step 209, episodes finished 119/200
teacher step 210, episodes finished 121/200
teacher step 211, episodes finished 124/200
teacher step 212, episodes finished 130/200
teacher step 213, episodes finished 134/200
teacher step 214, episodes finished 137/200
teacher step 215, episodes finished 141/200
teacher step 216, episodes finished 146/200
teacher step 217, episodes finished 159/200
teacher step 218, episodes finished 160/200
teacher step 219, episodes finished 165/200
teacher step 220, episodes finished 168/200
teacher step 221, episodes finished 173/200
teacher step 222, episodes finished 175/200
teacher step 223, episodes finished 178/200
teacher step 224, episodes finished 179/200
teacher step 225, episodes finished 187/200
teacher step 226, episodes finished 190/200
teacher step 227, episodes finished 190/200
teacher step 228, episodes finished 193/200
teacher step 229, episodes finished 195/200
teacher step 230, episodes finished 196/200
teacher step 231, episodes finished 197/200
teacher step 232, episodes finished 197/200
teacher step 233, episodes finished 199/200
teacher step 234, episodes finished 200/200
teacher dataset: 41293 decisions in 2.65 h
/home/connor-finnerty/Documents/projects/nv-sensing-sim/src/nvsim/estimators/policy_net.py:129: UserWarning: Converting a tensor with requires_grad=True to a scalar may lead to unexpected behavior.
Consider using tensor.detach() first. (Triggered internally at /__w/pytorch/pytorch/torch/csrc/autograd/generated/python_variable_methods.cpp:822.)
  acts.append(a.numpy())
wrote /home/connor-finnerty/Documents/projects/nv-sensing-sim/experiments/phase3b/bc_train.results.json (heldout_acc 0.666)
