/home/connor-finnerty/Documents/projects/nv-sensing-sim/src/nvsim/estimators/policy.py:126: RuntimeWarning: divide by zero encountered in log
  logp = (np.log(self.p[idx]) + counts[idx, None]
/home/connor-finnerty/Documents/projects/nv-sensing-sim/src/nvsim/estimators/policy_net.py:166: UserWarning: Converting a tensor with requires_grad=True to a scalar may lead to unexpected behavior.
Consider using tensor.detach() first. (Triggered internally at /__w/pytorch/pytorch/torch/csrc/autograd/generated/python_variable_methods.cpp:822.)
  history["entropy"].append(float(ent))
rl iter 1/300 return 12.14
rl iter 2/300 return 12.08
rl iter 3/300 return 12.08
rl iter 4/300 return 12.12
rl iter 5/300 return 11.91
rl iter 6/300 return 12.11
rl iter 7/300 return 12.02
rl iter 8/300 return 12.11
rl iter 9/300 return 12.06
rl iter 10/300 return 12.16
rl iter 11/300 return 12.12
rl iter 12/300 return 12.10
rl iter 13/300 return 12.10
rl iter 14/300 return 12.20
rl iter 15/300 return 12.12
rl iter 16/300 return 12.12
rl iter 17/300 return 12.09
rl iter 18/300 return 12.10
rl iter 19/300 return 12.09
rl iter 20/300 return 12.16
rl iter 21/300 return 12.11
rl iter 22/300 return 12.11
rl iter 23/300 return 12.14
rl iter 24/300 return 12.14
rl iter 25/300 return 12.12
rl iter 26/300 return 12.14
rl iter 27/300 return 12.18
rl iter 28/300 return 12.10
rl iter 29/300 return 12.13
rl iter 30/300 return 12.17
rl iter 31/300 return 12.12
rl iter 32/300 return 12.18
rl iter 33/300 return 12.11
rl iter 34/300 return 12.16
rl iter 35/300 return 12.14
rl iter 36/300 return 12.18
rl iter 37/300 return 12.12
rl iter 38/300 return 12.14
rl iter 39/300 return 12.08
rl iter 40/300 return 12.10
rl iter 41/300 return 12.17
rl iter 42/300 return 12.12
rl iter 43/300 return 12.14
rl iter 44/300 return 12.15
rl iter 45/300 return 12.15
rl iter 46/300 return 12.09
rl iter 47/300 return 12.12
rl iter 48/300 return 12.11
rl iter 49/300 return 12.10
rl iter 50/300 return 12.12
rl iter 51/300 return 11.97
rl iter 52/300 return 12.05
rl iter 53/300 return 12.00
rl iter 54/300 return 12.11
rl iter 55/300 return 12.11
rl iter 56/300 return 12.11
rl iter 57/300 return 12.05
rl iter 58/300 return 12.10
rl iter 59/300 return 12.12
rl iter 60/300 return 12.09
rl iter 61/300 return 12.04
rl iter 62/300 return 12.09
rl iter 63/300 return 12.12
rl iter 64/300 return 12.04
rl iter 65/300 return 12.08
rl iter 66/300 return 12.10
rl iter 67/300 return 12.06
rl iter 68/300 return 12.03
rl iter 69/300 return 12.06
rl iter 70/300 return 12.05
rl iter 71/300 return 12.07
rl iter 72/300 return 12.01
rl iter 73/300 return 12.03
rl iter 74/300 return 12.03
rl iter 75/300 return 12.03
rl iter 76/300 return 12.02
rl iter 77/300 return 12.00
rl iter 78/300 return 12.00
rl iter 79/300 return 11.99
rl iter 80/300 return 11.97
rl iter 81/300 return 12.06
rl iter 82/300 return 11.99
rl iter 83/300 return 12.04
rl iter 84/300 return 12.00
rl iter 85/300 return 12.03
rl iter 86/300 return 11.98
rl iter 87/300 return 12.00
rl iter 88/300 return 12.05
rl iter 89/300 return 12.06
rl iter 90/300 return 12.05
rl iter 91/300 return 12.01
rl iter 92/300 return 11.98
rl iter 93/300 return 12.04
rl iter 94/300 return 12.04
rl iter 95/300 return 12.07
rl iter 96/300 return 12.00
rl iter 97/300 return 11.99
rl iter 98/300 return 12.06
rl iter 99/300 return 12.00
rl iter 100/300 return 12.03
rl iter 101/300 return 12.02
rl iter 102/300 return 12.09
rl iter 103/300 return 12.02
rl iter 104/300 return 12.00
rl iter 105/300 return 12.03
rl iter 106/300 return 12.10
rl iter 107/300 return 12.11
rl iter 108/300 return 12.06
rl iter 109/300 return 12.07
rl iter 110/300 return 12.08
rl iter 111/300 return 12.04
rl iter 112/300 return 12.02
rl iter 113/300 return 12.01
rl iter 114/300 return 12.00
rl iter 115/300 return 12.09
rl iter 116/300 return 12.08
rl iter 117/300 return 12.09
rl iter 118/300 return 12.10
rl iter 119/300 return 12.07
rl iter 120/300 return 12.04
rl iter 121/300 return 12.06
rl iter 122/300 return 12.10
rl iter 123/300 return 12.09
rl iter 124/300 return 12.10
rl iter 125/300 return 12.08
rl iter 126/300 return 12.10
rl iter 127/300 return 12.04
rl iter 128/300 return 12.09
rl iter 129/300 return 12.03
rl iter 130/300 return 12.09
rl iter 131/300 return 12.15
rl iter 132/300 return 12.08
rl iter 133/300 return 12.15
rl iter 134/300 return 12.04
rl iter 135/300 return 12.07
rl iter 136/300 return 12.11
rl iter 137/300 return 12.07
rl iter 138/300 return 12.10
rl iter 139/300 return 12.07
rl iter 140/300 return 12.10
rl iter 141/300 return 12.11
rl iter 142/300 return 12.12
rl iter 143/300 return 12.07
rl iter 144/300 return 12.13
rl iter 145/300 return 12.13
rl iter 146/300 return 12.06
rl iter 147/300 return 12.10
rl iter 148/300 return 12.06
rl iter 149/300 return 12.07
rl iter 150/300 return 12.05
rl iter 151/300 return 12.08
rl iter 152/300 return 12.10
rl iter 153/300 return 12.07
rl iter 154/300 return 12.11
rl iter 155/300 return 12.10
rl iter 156/300 return 12.06
rl iter 157/300 return 12.10
rl iter 158/300 return 12.16
rl iter 159/300 return 12.10
rl iter 160/300 return 12.10
rl iter 161/300 return 12.07
rl iter 162/300 return 12.09
rl iter 163/300 return 12.09
rl iter 164/300 return 12.08
rl iter 165/300 return 12.12
rl iter 166/300 return 12.10
rl iter 167/300 return 12.15
rl iter 168/300 return 12.17
rl iter 169/300 return 12.14
rl iter 170/300 return 12.13
rl iter 171/300 return 12.08
rl iter 172/300 return 12.09
rl iter 173/300 return 12.14
rl iter 174/300 return 12.13
rl iter 175/300 return 12.14
rl iter 176/300 return 12.15
rl iter 177/300 return 12.17
rl iter 178/300 return 12.02
rl iter 179/300 return 12.15
rl iter 180/300 return 12.16
rl iter 181/300 return 12.08
rl iter 182/300 return 12.15
rl iter 183/300 return 12.15
rl iter 184/300 return 12.11
rl iter 185/300 return 12.12
rl iter 186/300 return 12.15
rl iter 187/300 return 12.14
rl iter 188/300 return 12.12
rl iter 189/300 return 12.13
rl iter 190/300 return 12.18
rl iter 191/300 return 12.21
rl iter 192/300 return 12.16
rl iter 193/300 return 12.21
rl iter 194/300 return 12.13
rl iter 195/300 return 12.15
rl iter 196/300 return 12.18
rl iter 197/300 return 12.20
rl iter 198/300 return 12.16
rl iter 199/300 return 12.14
rl iter 200/300 return 12.16
rl iter 201/300 return 12.13
rl iter 202/300 return 12.19
rl iter 203/300 return 12.17
rl iter 204/300 return 12.19
rl iter 205/300 return 12.14
rl iter 206/300 return 12.18
rl iter 207/300 return 12.23
rl iter 208/300 return 12.16
rl iter 209/300 return 12.09
rl iter 210/300 return 12.19
rl iter 211/300 return 12.15
rl iter 212/300 return 12.12
rl iter 213/300 return 12.20
rl iter 214/300 return 12.18
rl iter 215/300 return 12.17
rl iter 216/300 return 12.26
rl iter 217/300 return 12.18
rl iter 218/300 return 12.21
rl iter 219/300 return 12.12
rl iter 220/300 return 12.13
rl iter 221/300 return 12.15
rl iter 222/300 return 12.10
rl iter 223/300 return 12.14
rl iter 224/300 return 12.16
rl iter 225/300 return 12.13
rl iter 226/300 return 12.16
rl iter 227/300 return 12.18
rl iter 228/300 return 12.13
rl iter 229/300 return 12.17
rl iter 230/300 return 12.17
rl iter 231/300 return 12.23
rl iter 232/300 return 12.18
rl iter 233/300 return 12.17
rl iter 234/300 return 12.14
rl iter 235/300 return 12.22
rl iter 236/300 return 12.22
rl iter 237/300 return 12.24
rl iter 238/300 return 12.15
rl iter 239/300 return 12.21
rl iter 240/300 return 12.17
rl iter 241/300 return 12.23
rl iter 242/300 return 12.15
rl iter 243/300 return 12.22
rl iter 244/300 return 12.18
rl iter 245/300 return 12.20
rl iter 246/300 return 12.21
rl iter 247/300 return 12.19
rl iter 248/300 return 12.22
rl iter 249/300 return 12.18
rl iter 250/300 return 12.20
rl iter 251/300 return 12.14
rl iter 252/300 return 12.19
rl iter 253/300 return 12.20
rl iter 254/300 return 12.17
rl iter 255/300 return 12.16
rl iter 256/300 return 12.17
rl iter 257/300 return 12.17
rl iter 258/300 return 12.23
rl iter 259/300 return 12.18
rl iter 260/300 return 12.24
rl iter 261/300 return 12.16
rl iter 262/300 return 12.19
rl iter 263/300 return 12.18
rl iter 264/300 return 12.16
rl iter 265/300 return 12.19
rl iter 266/300 return 12.18
rl iter 267/300 return 12.21
rl iter 268/300 return 12.21
rl iter 269/300 return 12.18
rl iter 270/300 return 12.25
rl iter 271/300 return 12.15
rl iter 272/300 return 12.15
rl iter 273/300 return 12.17
rl iter 274/300 return 12.17
rl iter 275/300 return 12.15
rl iter 276/300 return 12.19
rl iter 277/300 return 12.21
rl iter 278/300 return 12.14
rl iter 279/300 return 12.23
rl iter 280/300 return 12.22
rl iter 281/300 return 12.17
rl iter 282/300 return 12.30
rl iter 283/300 return 12.21
rl iter 284/300 return 12.17
rl iter 285/300 return 12.11
rl iter 286/300 return 12.26
rl iter 287/300 return 12.21
rl iter 288/300 return 12.22
rl iter 289/300 return 12.24
rl iter 290/300 return 12.22
rl iter 291/300 return 12.22
rl iter 292/300 return 12.26
rl iter 293/300 return 12.27
rl iter 294/300 return 12.20
rl iter 295/300 return 12.21
rl iter 296/300 return 12.15
rl iter 297/300 return 12.20
rl iter 298/300 return 12.19
rl iter 299/300 return 12.21
rl iter 300/300 return 12.17
wrote /home/connor-finnerty/Documents/projects/nv-sensing-sim/experiments/phase3b/rl_train.results.json (return 12.14 -> 12.17)
